strict mode: missing type "object" for keyword "properties" at "#/allOf/1" (strictTypes)
strict mode: missing type "object" for keyword "properties" at "#/allOf/1" (strictTypes)
strict mode: missing type "object" for keyword "properties" at "#/allOf/1" (strictTypes)
strict mode: missing type "object" for keyword "properties" at "#/allOf/1" (strictTypes)
▶ A16 over HTTP
  ✔ switched off, no route exists; switched on, every answer matches the contract (83.092333ms)
  ✔ a body naming an actor, a name, an author, a project or a reply target is refused (CON01-A06) (9.767625ms)
  ✔ a reply lost after the write committed: the retry under its key returns the same records (CON01-A02, A03) (21.601166ms)
  ✔ a start receipt names the feed position it is current at, read under its own lock (PR #199 r4237924424) (19.249667ms)
  ✔ who may: viewer writes refused, outsiders read nothing, and the codes say so (CON01-A05) (7.420583ms)
  ✔ within its project: a member reads it; a non-member is refused first; to a member any absence is one not_found (CC-0072) (134.17825ms)
  ✔ withdrawal and erasure over HTTP, and the replay of a withdrawn text refused (CON-01-T04) (10.069375ms)
  ✔ another conversation's cursor is refused before anything is read (CON01-A07) (73.4375ms)
  ✔ a member removed while their withdrawal waits for the project's row is refused, and the text stays (CON-01-CX-0006) (14.51675ms)
  ✔ /ready needs 0048's functions only while conversations are served (7.007333ms)
✔ A16 over HTTP (1582.828666ms)
▶ the project setting (the cohort and rollback switch)
  ✔ with no setting, the list is empty and says nothing may be written; a start is refused (12.355584ms)
  ✔ read-only keeps reads, withdrawal and a replay; refuses new text (19.508459ms)
✔ the project setting (the cohort and rollback switch) (259.358792ms)
▶ starting and continuing
  ✔ a start is a conversation and its first message, with the writer and the name the token carried (42.469542ms)
  ✔ a failure after the conversation row leaves no conversation, message, request or event (CON01-A01) (20.498084ms)
  ✔ asking Sophia records a reply request, blocked and saying why, and still starts no work (CON01-A10) (42.89575ms)
✔ starting and continuing (106.06975ms)
▶ one intent, one write (CON01-A02, A03, A04)
  ✔ a retry under the key returns the same conversation and message, and writes nothing more (13.0845ms)
  ✔ anything changed under an old key is refused: title, text, ask, target, operation (13.295833ms)
  ✔ a key is the actor's and the project's own: another actor or project under it writes its own (15.532625ms)
✔ one intent, one write (CON01-A02, A03, A04) (42.160209ms)
▶ who reads and writes (CON01-A05)
  ✔ a viewer reads and cannot write; an outsider reads nothing, by project, id or cursor (42.311375ms)
  ✔ a member removed since cannot read, write or replay what they wrote (10.915542ms)
✔ who reads and writes (CON01-A05) (53.339833ms)
▶ a page read within its project (PR #199 CX-0073, CX-0074; CON-01-CC-0072)
  ✔ a member reads it as ever; erased, missing or another project’s are alike not found, nothing of them told (24.486375ms)
  ✔ a non-member, or one removed since, is refused before anything of the conversation or its cursor is read (48.764375ms)
  ✔ membership and the conversation are read in one snapshot; a read set out after a revocation committed is refused (13.770125ms)
✔ a page read within its project (PR #199 CX-0073, CX-0074; CON-01-CC-0072) (87.159875ms)
▶ order and pages (CON01-A07)
  ✔ concurrent messages each take their own place; pages have no gap or repeat (82.649542ms)
  ✔ a conversation with more writers than A16 names lists 200, the reader among them, in order (PR #199 review) (121.065458ms)
  ✔ another conversation's cursor, or a made-up one, is refused (36.31675ms)
✔ order and pages (CON01-A07) (240.166209ms)
▶ withdrawal and erasure (CON-01-T04)
  ✔ an author withdraws their own: its text and name go from every read, and its request can't replay (17.079875ms)
  ✔ an author made a viewer since still withdraws their own; an admin withdraws any (12.826417ms)
  ✔ an open reply request whose history reaches the withdrawn text is cancelled (11.701292ms)
  ✔ an admin erases a conversation: it leaves every read and its keys cannot replay (14.688708ms)
✔ withdrawal and erasure (CON-01-T04) (56.465583ms)
▶ a member removed while their write waits for the project's row (CON-01-CX-0006)
  ✔ cannot withdraw: membership is read again once the row is held, and the text stays (13.661417ms)
  ✔ cannot send either, and a member made a viewer meanwhile still withdraws their own (37.598334ms)
✔ a member removed while their write waits for the project's row (CON-01-CX-0006) (51.365667ms)
ℹ tests 32
ℹ suites 9
ℹ pass 32
ℹ fail 0
ℹ cancelled 0
ℹ skipped 0
ℹ todo 0
ℹ duration_ms 8955.257958
